******************************************************************************
                  TI ARM Linker PC v20.2.5                     
******************************************************************************
>> Linked Fri May 14 01:44:46 2021

OUTPUT FILE NAME:   <HolaMundo.out>
ENTRY POINT SYMBOL: "_c_int00_noargs"  address: 00000a95


MEMORY CONFIGURATION

         name            origin    length      used     unused   attr    fill
----------------------  --------  ---------  --------  --------  ----  --------
  FLASH                 00000000   00040000  00000dd4  0003f22c  R  X
  SRAM                  20000000   00008000  00000479  00007b87  RW X


SEGMENT ALLOCATION MAP

run origin  load origin   length   init length attrs members
----------  ----------- ---------- ----------- ----- -------
00000000    00000000    00000dd8   00000dd8    r-x
  00000000    00000000    0000026c   0000026c    r-- .intvecs
  0000026c    0000026c    000009ac   000009ac    r-x .text
  00000c18    00000c18    0000017c   0000017c    r-- .const
  00000d98    00000d98    00000040   00000040    r-- .cinit
20000000    20000000    0000047d   00000000    rw-
  20000000    20000000    0000026c   00000000    rw- .vtable
  20000270    20000270    00000200   00000000    rw- .stack
  20000470    20000470    00000008   00000000    rw- .data
  20000478    20000478    00000005   00000000    rw- .bss


SECTION ALLOCATION MAP

 output                                  attributes/
section   page    origin      length       input sections
--------  ----  ----------  ----------   ----------------
.intvecs   0    00000000    0000026c     
                  00000000    0000026c     tm4c123gh6pm_startup_ccs.obj (.intvecs)

.text      0    0000026c    000009ac     
                  0000026c    000001e4     main.obj (.text)
                  00000450    00000132     driverlib.lib : gpio.obj (.text:GPIOPadConfigSet)
                  00000582    00000002     --HOLE-- [fill = 0]
                  00000584    00000110                   : sysctl.obj (.text:SysCtlClockGet)
                  00000694    000000f4                   : sysctl.obj (.text:SysCtlClockSet)
                  00000788    0000009c     rtsv7M4_T_le_v4SPD16_eabi.lib : memcpy_t2.asm.obj (.text)
                  00000824    00000068     driverlib.lib : interrupt.obj (.text:IntEnable)
                  0000088c    00000068     rtsv7M4_T_le_v4SPD16_eabi.lib : copy_decompress_lzss.c.obj (.text:decompress:lzss:__TI_decompress_lzss)
                  000008f4    00000060     driverlib.lib : timer.obj (.text:TimerConfigure)
                  00000954    0000004c                   : timer.obj (.text:_TimerIntNumberGet)
                  000009a0    00000046                   : uart.obj (.text:UARTConfigSetExpClk)
                  000009e6    00000002     --HOLE-- [fill = 0]
                  000009e8    00000044     rtsv7M4_T_le_v4SPD16_eabi.lib : autoinit.c.obj (.text:__TI_auto_init_nobinit_nopinit:__TI_auto_init_nobinit_nopinit)
                  00000a2c    00000034     driverlib.lib : interrupt.obj (.text:IntRegister)
                  00000a60    00000034                   : sysctl.obj (.text:SysCtlPeripheralEnable)
                  00000a94    00000034     rtsv7M4_T_le_v4SPD16_eabi.lib : boot_cortex_m.c.obj (.text:_c_int00_noargs:_c_int00_noargs)
                  00000ac8    0000002a     driverlib.lib : gpio.obj (.text:GPIODirModeSet)
                  00000af2    00000002     --HOLE-- [fill = 0]
                  00000af4    00000020                   : uart.obj (.text:UARTDisable)
                  00000b14    0000001c     rtsv7M4_T_le_v4SPD16_eabi.lib : copy_zero_init.c.obj (.text:decompress:ZI:__TI_zero_init_nomemset:__TI_zero_init_nomemset)
                  00000b30    00000018     driverlib.lib : gpio.obj (.text:GPIOPinTypeGPIOOutput)
                  00000b48    00000018                   : timer.obj (.text:TimerIntRegister)
                  00000b60    00000014                   : uart.obj (.text:UARTEnable)
                  00000b74    00000012                   : gpio.obj (.text:GPIOPinTypeUART)
                  00000b86    00000012                   : timer.obj (.text:TimerLoadSet)
                  00000b98    00000010                   : interrupt.obj (.text:IntMasterEnable)
                  00000ba8    0000000e                   : timer.obj (.text:TimerEnable)
                  00000bb6    0000000e     rtsv7M4_T_le_v4SPD16_eabi.lib : copy_decompress_none.c.obj (.text:decompress:none:__TI_decompress_none)
                  00000bc4    0000000c     driverlib.lib : cpu.obj (.text:CPUcpsie)
                  00000bd0    0000000c     tm4c123gh6pm_startup_ccs.obj (.text)
                  00000bdc    0000000a     driverlib.lib : uart.obj (.text:UARTCharGet)
                  00000be6    0000000a                   : uart.obj (.text:UARTCharPut)
                  00000bf0    00000008                   : timer.obj (.text:TimerIntEnable)
                  00000bf8    00000008                   : uart.obj (.text:UARTIntEnable)
                  00000c00    00000006                   : gpio.obj (.text:GPIOPinWrite)
                  00000c06    00000006                   : sysctl.obj (.text:SysCtlDelay)
                  00000c0c    00000004                   : timer.obj (.text:TimerIntClear)
                  00000c10    00000004     rtsv7M4_T_le_v4SPD16_eabi.lib : pre_init.c.obj (.text:_system_pre_init)
                  00000c14    00000004                                   : exit.c.obj (.text:abort:abort)

.const     0    00000c18    0000017c     
                  00000c18    00000070     driverlib.lib : interrupt.obj (.const)
                  00000c88    0000006c                   : sysctl.obj (.const:g_pui32Xtals)
                  00000cf4    00000060                   : timer.obj (.const:g_ppui32TimerIntMap)
                  00000d54    00000040                   : timer.obj (.const:g_ppui32TimerIntMapSnowflake)

.cinit     0    00000d98    00000040     
                  00000d98    0000000c     (__TI_handler_table)
                  00000da4    00000004     --HOLE-- [fill = 0]
                  00000da8    00000008     (.cinit..bss.load) [load image, compression = zero_init]
                  00000db0    00000008     (.cinit..vtable.load) [load image, compression = zero_init]
                  00000db8    00000007     (.cinit..data.load) [load image, compression = lzss]
                  00000dbf    00000001     --HOLE-- [fill = 0]
                  00000dc0    00000018     (__TI_cinit_table)

.init_array 
*          0    00000000    00000000     UNINITIALIZED

.vtable    0    20000000    0000026c     UNINITIALIZED
                  20000000    0000026c     driverlib.lib : interrupt.obj (.vtable)

.data      0    20000470    00000008     UNINITIALIZED
                  20000470    00000008     main.obj (.data)

.bss       0    20000478    00000005     UNINITIALIZED
                  20000478    00000004     (.common:color_led)
                  2000047c    00000001     (.common:dato_recibido)

.stack     0    20000270    00000200     UNINITIALIZED
                  20000270    00000004     rtsv7M4_T_le_v4SPD16_eabi.lib : boot_cortex_m.c.obj (.stack)
                  20000274    000001fc     --HOLE--

__llvm_prf_cnts 
*          0    20000000    00000000     UNINITIALIZED

MODULE SUMMARY

       Module                         code   ro data   rw data
       ------                         ----   -------   -------
    .\
       tm4c123gh6pm_startup_ccs.obj   12     620       0      
       main.obj                       484    0         13     
    +--+------------------------------+------+---------+---------+
       Total:                         496    620       13     
                                                              
    C:/ti/TivaWare_C_Series-2.1.4.178/driverlib/ccs/Debug/driverlib.lib
       interrupt.obj                  172    112       620    
       sysctl.obj                     574    108       0      
       timer.obj                      240    160       0      
       gpio.obj                       396    0         0      
       uart.obj                       150    0         0      
       cpu.obj                        12     0         0      
    +--+------------------------------+------+---------+---------+
       Total:                         1544   380       620    
                                                              
    C:\ti\ccs1031\ccs\tools\compiler\ti-cgt-arm_20.2.5.LTS\lib\rtsv7M4_T_le_v4SPD16_eabi.lib
       memcpy_t2.asm.obj              156    0         0      
       copy_decompress_lzss.c.obj     104    0         0      
       autoinit.c.obj                 68     0         0      
       boot_cortex_m.c.obj            52     0         0      
       copy_zero_init.c.obj           28     0         0      
       copy_decompress_none.c.obj     14     0         0      
       exit.c.obj                     4      0         0      
       pre_init.c.obj                 4      0         0      
    +--+------------------------------+------+---------+---------+
       Total:                         430    0         0      
                                                              
       Stack:                         0      0         512    
       Linker Generated:              0      59        0      
    +--+------------------------------+------+---------+---------+
       Grand Total:                   2470   1059      1145   


LINKER GENERATED COPY TABLES

__TI_cinit_table @ 00000dc0 records: 3, size/record: 8, table size: 24
	.bss: load addr=00000da8, load size=00000008 bytes, run addr=20000478, run size=00000005 bytes, compression=zero_init
	.vtable: load addr=00000db0, load size=00000008 bytes, run addr=20000000, run size=0000026c bytes, compression=zero_init
	.data: load addr=00000db8, load size=00000007 bytes, run addr=20000470, run size=00000008 bytes, compression=lzss


LINKER GENERATED HANDLER TABLE

__TI_handler_table @ 00000d98 records: 3, size/record: 4, table size: 12
	index: 0, handler: __TI_zero_init
	index: 1, handler: __TI_decompress_lzss
	index: 2, handler: __TI_decompress_none


GLOBAL SYMBOLS: SORTED ALPHABETICALLY BY Name 

address   name                          
-------   ----                          
00000c15  C$$EXIT                       
00000bc5  CPUcpsie                      
00000ac9  GPIODirModeSet                
00000451  GPIOPadConfigSet              
00000b31  GPIOPinTypeGPIOOutput         
00000b75  GPIOPinTypeUART               
00000c01  GPIOPinWrite                  
000003e5  InitUART                      
00000825  IntEnable                     
00000b99  IntMasterEnable               
00000a2d  IntRegister                   
00000bd1  ResetISR                      
00000585  SysCtlClockGet                
00000695  SysCtlClockSet                
00000c07  SysCtlDelay                   
00000a61  SysCtlPeripheralEnable        
0000026d  TimeOut                       
000008f5  TimerConfigure                
00000ba9  TimerEnable                   
00000c0d  TimerIntClear                 
00000bf1  TimerIntEnable                
00000b49  TimerIntRegister              
00000b87  TimerLoadSet                  
00000bdd  UARTCharGet                   
00000be7  UARTCharPut                   
000009a1  UARTConfigSetExpClk           
00000af5  UARTDisable                   
00000b61  UARTEnable                    
00000bf9  UARTIntEnable                 
20000470  __STACK_END                   
00000200  __STACK_SIZE                  
20000470  __STACK_TOP                   
00000dc0  __TI_CINIT_Base               
00000dd8  __TI_CINIT_Limit              
00000d98  __TI_Handler_Table_Base       
00000da4  __TI_Handler_Table_Limit      
000009e9  __TI_auto_init_nobinit_nopinit
0000088d  __TI_decompress_lzss          
00000bb7  __TI_decompress_none          
ffffffff  __TI_pprof_out_hndl           
ffffffff  __TI_prof_data_size           
ffffffff  __TI_prof_data_start          
00000000  __TI_static_base__            
00000b15  __TI_zero_init_nomemset       
00000789  __aeabi_memcpy                
00000789  __aeabi_memcpy4               
00000789  __aeabi_memcpy8               
ffffffff  __binit__                     
ffffffff  __c_args__                    
UNDEFED   __mpu_init                    
20000270  __stack                       
20000000  __start___llvm_prf_cnts       
20000000  __stop___llvm_prf_cnts        
00000a95  _c_int00_noargs               
UNDEFED   _system_post_cinit            
00000c11  _system_pre_init              
00000c15  abort                         
ffffffff  binit                         
20000478  color_led                     
2000047c  dato_recibido                 
20000470  encender                      
20000474  estaEncendido                 
20000000  g_pfnRAMVectors               
00000000  g_pfnVectors                  
000002b1  main                          
00000789  memcpy                        


GLOBAL SYMBOLS: SORTED BY Symbol Address 

address   name                          
-------   ----                          
00000000  __TI_static_base__            
00000000  g_pfnVectors                  
00000200  __STACK_SIZE                  
0000026d  TimeOut                       
000002b1  main                          
000003e5  InitUART                      
00000451  GPIOPadConfigSet              
00000585  SysCtlClockGet                
00000695  SysCtlClockSet                
00000789  __aeabi_memcpy                
00000789  __aeabi_memcpy4               
00000789  __aeabi_memcpy8               
00000789  memcpy                        
00000825  IntEnable                     
0000088d  __TI_decompress_lzss          
000008f5  TimerConfigure                
000009a1  UARTConfigSetExpClk           
000009e9  __TI_auto_init_nobinit_nopinit
00000a2d  IntRegister                   
00000a61  SysCtlPeripheralEnable        
00000a95  _c_int00_noargs               
00000ac9  GPIODirModeSet                
00000af5  UARTDisable                   
00000b15  __TI_zero_init_nomemset       
00000b31  GPIOPinTypeGPIOOutput         
00000b49  TimerIntRegister              
00000b61  UARTEnable                    
00000b75  GPIOPinTypeUART               
00000b87  TimerLoadSet                  
00000b99  IntMasterEnable               
00000ba9  TimerEnable                   
00000bb7  __TI_decompress_none          
00000bc5  CPUcpsie                      
00000bd1  ResetISR                      
00000bdd  UARTCharGet                   
00000be7  UARTCharPut                   
00000bf1  TimerIntEnable                
00000bf9  UARTIntEnable                 
00000c01  GPIOPinWrite                  
00000c07  SysCtlDelay                   
00000c0d  TimerIntClear                 
00000c11  _system_pre_init              
00000c15  C$$EXIT                       
00000c15  abort                         
00000d98  __TI_Handler_Table_Base       
00000da4  __TI_Handler_Table_Limit      
00000dc0  __TI_CINIT_Base               
00000dd8  __TI_CINIT_Limit              
20000000  __start___llvm_prf_cnts       
20000000  __stop___llvm_prf_cnts        
20000000  g_pfnRAMVectors               
20000270  __stack                       
20000470  __STACK_END                   
20000470  __STACK_TOP                   
20000470  encender                      
20000474  estaEncendido                 
20000478  color_led                     
2000047c  dato_recibido                 
ffffffff  __TI_pprof_out_hndl           
ffffffff  __TI_prof_data_size           
ffffffff  __TI_prof_data_start          
ffffffff  __binit__                     
ffffffff  __c_args__                    
ffffffff  binit                         
UNDEFED   __mpu_init                    
UNDEFED   _system_post_cinit            

[66 symbols]
